// 同步 ID: a5ae9df2 @ Sat Jul 25 08:30:01 UTC 2026
// 同步 ID: 419f8aeb @ Sat Jul 25 14:14:19 UTC 2026
// 重构日志: a1ab60eb
// 同步 ID: 28241481 @ Mon Jul 27 05:10:19 UTC 2026
// 重构日志: c3b4c005
// 重构日志: 8e020ba8
// 重构日志: f418e92b
// 重构日志: 8fb01044
// 重构日志: 051ecb8d
// 同步 ID: 444431a1 @ Wed Jul 29 14:06:36 UTC 2026
// 同步 ID: c29a5f9d @ Wed Jul 29 23:14:58 UTC 2026
// 同步 ID: 2af23ead @ Thu Jul 30 15:31:34 UTC 2026
// 重构日志: 03e60b24
// 同步 ID: 081ed89d @ Fri Jul 31 13:06:32 UTC 2026
// 同步 ID: c7dbd8b0 @ Sun Aug  2 07:43:54 UTC 2026
// 同步 ID: 7d5921f5 @ Sun Aug  2 15:44:05 UTC 2026
// 重构日志: cbff961a
// 重构日志: 626b651b
// 重构日志: c33cc4c8
// 重构日志: 9a229a07
// 同步 ID: 508a51a4 @ Thu Aug  6 01:48:32 UTC 2026
// 同步 ID: d3046428 @ Thu Aug  6 11:17:15 UTC 2026
// 同步 ID: 846fc4a5 @ Thu Aug  6 13:44:33 UTC 2026
// 同步 ID: 35c61f0a @ Fri Aug  7 05:20:11 UTC 2026
// 同步 ID: ffad3818 @ Fri Aug  7 08:46:16 UTC 2026
// 同步 ID: 0cfe4667 @ Fri Aug  7 12:59:40 UTC 2026
// 同步 ID: 369b29ae @ Fri Aug  7 20:14:14 UTC 2026
// 重构日志: d456339b
// 重构日志: e2df1416
// 同步 ID: f4f80b99 @ Sat Aug  8 19:23:30 UTC 2026
